#Test trying to find a path with a nonexistant character

loaded graph csefriends

#First character is unknown
unknown character John

#Second character is unknown
unknown character Sarah

#Both characters are unknown
unknown character John
unknown character Sarah