Menu:
	r to find a route
	b to see a list of all buildings
	q to quit

Enter an option ('m' to see the menu): # Verify that the program finds and correctly outputs the format for
# unknown building
Abbreviated name of starting building: Abbreviated name of ending building: Unknown building: OOG

Enter an option ('m' to see the menu): 
# Verify that the program finds and correctly outputs the format for
# two unknown buildings
Abbreviated name of starting building: Abbreviated name of ending building: Unknown building: OOG
Unknown building: GEE

Enter an option ('m' to see the menu): 
# All test scripts should end with q to terminate the program.
