#Test that the shortest path is found

loaded graph friends

#Check for shortest path
path from Raquel to Duncan:
Raquel to Duncan via 143

#Check with a longer path (still shortest)
path from Jack to Shilpa:
Jack to Novin via 143
Novin to Shilpa via 154
