# Tests method AddEdge for a graph

# Create an empty graph
created graph graph1

# Add nodes
added node n1 to graph1
added node n2 to graph1

# Add edge
added edge e1 from n1 to n2 in graph1

# Print edges
the children of n1 in graph1 are: n2