# Tests isEmpty for a graph
	
# Create a graph
created graph graph1

# Print Nodes
graph1 contains:

# Check if empty
graph1 is empty: true

# Add some nodes
added node n1 to graph1
added node n2 to graph1

# Print Nodes
graph1 contains: n1 n2

# Check if empty
graph1 is empty: false